// Jest Snapshot v1, https://goo.gl/fbAQLP

exports[`_document should render correctly 1`] = `
<Html
  className="govuk-template app-html-class flexbox no-flexboxtweener"
  lang="en"
>
  <Head
    nonce=""
  />
  <body
    className="govuk-template__body app-body-class js-enabled"
  >
    <Main />
    <NextScript
      nonce=""
    />
    <script
      src="/javascript/govuk.js"
    />
    <script>
      window.GOVUKFrontend.initAll()
    </script>
  </body>
</Html>
`;
