// Jest Snapshot v1, https://goo.gl/fbAQLP

exports[`pages chooseStages should render correctly 1`] = `
<Layout
  description="Choose Stages page of the Fares Data Build Tool"
  title="Choose Stages - Fares Data Build Tool"
>
  <main
    className="govuk-main-wrapper app-main-class"
    id="main-content"
    role="main"
  >
    <form
      action="/api/chooseStages"
      method="post"
    >
      <div
        className="govuk-form-group"
      >
        <fieldset
          aria-describedby="choose-stages-page-heading"
          className="govuk-fieldset"
        >
          <legend
            className="govuk-fieldset__legend govuk-fieldset__legend--xl"
          >
            <h1
              className="govuk-fieldset__heading"
              id="choose-stages-page-heading"
            >
              How many fare stages are there in your fares triangle?
            </h1>
          </legend>
          <div
            className="govuk-form-group"
          >
            <label
              className="govuk-hint"
              htmlFor="width-2"
            >
              Number of fare stages (1-20) e.g. 3
            </label>
            <input
              className="govuk-input govuk-input--width-2"
              id="fareStages"
              max="20"
              maxLength={2}
              min="1"
              name="fareStageInput"
              pattern="^[0-9]*$"
              required={true}
              type="number"
            />
          </div>
        </fieldset>
      </div>
      <input
        className="govuk-button govuk-button--start"
        id="continue-button"
        type="submit"
        value="Continue"
      />
    </form>
  </main>
</Layout>
`;
