// Jest Snapshot v1, https://goo.gl/fbAQLP

exports[`Breadcrumbs should render the inset text 1`] = `
<div
  className="govuk-inset-text"
>
  Snapshot text
</div>
`;
